@@@@@@@@@@@@@@@@@@@@@@@@@@@@@@@@@@@@@@@@@@@@@@@@@@@@@@@@@@@@@@@
IN PRIMARY


DG_BROKE PRACTICLE: IN PRIMARY
[oracle@primary ~]$ lsnrctl start
SQL> alter system switch logfile;
SQL> archive log list
Database log mode	       Archive Mode
Automatic archival	       Enabled
Archive destination	       USE_DB_RECOVERY_FILE_DEST
Oldest online log sequence     193
Next log sequence to archive   195
Current log sequence	       195
SQL> exit



DGMGRL> edit database proddbs SET STATE='TRANSPORT-OFF';
Succeeded.
MRP0	  WAIT_FOR_LOG

DGMGRL> edit database proddbs SET STATE='TRANSPORT-ON';
Succeeded.
MRP0	  APPLYING_LOG
switchover to proddbs;



show database verbose 'latdb';
 
show database verbose 'vendb';


-- to check the sysnc.
set lines 300 pages 300;
SELECT sequence#, first_time, next_time, applied FROM v$archived_log ORDER BY sequence#;



primary:
-------
(SID_DESC =
(GLOBAL_DBNAME = proddb_DGMGRL)
(ORACLE_HOME = /u01/app/oracle/product/19.3.0/db_1)
(SID_NAME = proddb)
)


standby:
--------
(SID_DESC =
(GLOBAL_DBNAME = proddbs_DGMGRL)
(ORACLE_HOME = /u01/app/oracle/product/19.3.0/db_1)
(SID_NAME = proddbs)
)


primary: 
--------

ALTER SYSTEM SET dg_broker_start=true scope=both;


ALTER SYSTEM SET local_listener='(DESCRIPTION = (ADDRESS_LIST = (ADDRESS = (PROTOCOL = TCP)(HOST = 192.168.0.139)(PORT = 1521))) (CONNECT_DATA = (SERVER = DEDICATED) (SERVICE_NAME = proddb)))';


standby:
--------

ALTER SYSTEM SET dg_broker_start=true scope=both;

ALTER SYSTEM SET local_listener='(DESCRIPTION = (ADDRESS_LIST = (ADDRESS = (PROTOCOL = TCP)(HOST = 192.168.0.140)(PORT = 1521))) (CONNECT_DATA = (SERVER = DEDICATED) (SERVICE_NAME = proddbs)))';


Login in to the primary database through DGMGRL:

export ORACLE_SID=proddb

dgmgrl

DGMGRL> 
connect sys/oracle123@to_proddb
Connected to "PRODDB"
Connected as SYSDBA.

#Configure Dataguard Broker for primary database:

create configuration 'DG_BRK_BATCH9' as primary database is 'proddb' connect identifier is to_proddb;

DGMGRL> show configuration;
Configuration – hari
Protection Mode: MaxAvailability
Members:
chennai – Primary database

Fast-Start Failover: Disabled
Configuration Status:
DISABLED


Configure Dataguard Broker for standby database:

Add database 'proddbs' as connect identifier is to_proddbs maintained as physical;
failed
alter system set LOG_ARCHIVE_DEST_2= ''; -- (both Side)

DGMGRL> Add database 'proddbs' as connect identifier is to_proddbs maintained as physical;

DGMGRL> show configuration;
Configuration – hari
Protection Mode: MaxAvailability
Members:
chennai – Primary database
delhi – Physical standby database

Fast-Start Failover: Disabled
Configuration Status:
DISABLED

DGMGRL> enable configuration;
Enabled.

DGMGRL> show configuration;


DGMGRL> show configuration verbose;

DGMGRL> enable database 'proddbs';

        show database 'proddb';
DGMGRL> show database verbose 'proddbs';
 
        show database verbose 'proddb';


switch over:
it is mandatory to login with sys password instead of / as sysdba

switchover to proddbs;

to check if standby is in sysnc;
show database verbose <stdby name>;

STOP LOG SHIPPING 
edit database proddb set state='LOG-TRANSPORT-OFF';
stop MRP
edit database proddbs set state='APPLY-OFF';



Add database 'proddbs' as connect identifier is to_proddbs maintained as physical;
Add database 'PRODDB' as connect identifier is to_PRODDB maintained as physical;




ALTER SYSTEM SET local_listener='(DESCRIPTION = (ADDRESS_LIST = (ADDRESS = (PROTOCOL = TCP)(HOST =192.168.234.8)(PORT = 1521))) (CONNECT_DATA = (SERVER = DEDICATED) (SERVICE_NAME = vendb)))';
ALTER SYSTEM SET local_listener='(DESCRIPTION = (ADDRESS_LIST = (ADDRESS = (PROTOCOL = TCP)(HOST = 192.168.234.187)(PORT = 1521))) (CONNECT_DATA = (SERVER = DEDICATED) (SERVICE_NAME = latdb)))';


Add database 'latdb' as connect identifier is to_latdb maintained as physical;